[fnf.run3.io/matt-3-fanmade/3.1/index.html]
[backblue.gif]
[fade.gif]
[index.html]
[fnf.run3.io/matt-3-fanmade/3.1/assets/fonts/pixeld41d.eot]
[fnf.run3.io/matt-3-fanmade/3.1/Funkin.js]
[fnf.run3.io/matt-3-fanmade/3.1/assets/fonts/pixel.woff]
[fnf.run3.io/matt-3-fanmade/3.1/assets/fonts/pixel.otf]
[fnf.run3.io/matt-3-fanmade/3.1/assets/fonts/vcrd41d.eot]
[fnf.run3.io/matt-3-fanmade/3.1/assets/fonts/vcr.woff]
[fnf.run3.io/matt-3-fanmade/3.1/assets/fonts/vcr.ttf]
[fnf.run3.io/matt-3-fanmade/3.1/assets/fonts/vcr.svg]
[fnf.run3.io/matt-3-fanmade/3.1/flixel/fonts/nokiafc22d41d.eot]
[fnf.run3.io/matt-3-fanmade/3.1/flixel/fonts/nokiafc22.woff]
[fnf.run3.io/matt-3-fanmade/3.1/flixel/fonts/nokiafc22.ttf]
[fnf.run3.io/matt-3-fanmade/3.1/flixel/fonts/nokiafc22.svg]
[fnf.run3.io/matt-3-fanmade/3.1/flixel/fonts/monsterratd41d.eot]
[fnf.run3.io/matt-3-fanmade/3.1/flixel/fonts/monsterrat.woff]
[fnf.run3.io/matt-3-fanmade/3.1/flixel/fonts/monsterrat.ttf]
[fnf.run3.io/matt-3-fanmade/3.1/flixel/fonts/monsterrat.svg]
[fnf.run3.io/assets/css.css]
[fnf.run3.io/matt-3-fanmade/3.1/index.html]
[fnf.run3.io/matt-3-fanmade/3.1/assets/fonts/vcr.svg]
[fnf.run3.io/matt-3-fanmade/3.1/flixel/fonts/nokiafc22.svg]
[fnf.run3.io/matt-3-fanmade/3.1/flixel/fonts/monsterrat.svg]
[fnf.run3.io/assets/css.css]
[fnf.run3.io/assets/js.js]
